I'm sorry, but errors were detected in your script. Please correct the
errors listed below, and try again.


File "game/script.rpy", line 197: expected statement.
    else:
        ^

Ren'Py Version: Ren'Py 8.3.7.25031702
Thu May  8 23:22:21 2025
